--------------------------------------------------------------------------------
Release 14.7 Trace  (nt64)
Copyright (c) 1995-2013 Xilinx, Inc.  All rights reserved.

D:\ise\14.7\ISE_DS\ISE\bin\nt64\unwrapped\trce.exe -intstyle ise -v 3 -s 2L -n
3 -fastpaths -xml ALU.twx ALU.ncd -o ALU.twr ALU.pcf

Design file:              ALU.ncd
Physical constraint file: ALU.pcf
Device,package,speed:     xc7a100t,fgg484,C,-2L (PRODUCTION 1.10 2013-10-13)
Report level:             verbose report

Environment Variable      Effect 
--------------------      ------ 
NONE                      No environment variables were set
--------------------------------------------------------------------------------

INFO:Timing:2698 - No timing constraints found, doing default enumeration.
INFO:Timing:3412 - To improve timing, see the Timing Closure User Guide (UG612).
INFO:Timing:2752 - To get complete path coverage, use the unconstrained paths 
   option. All paths that are not constrained will be reported in the 
   unconstrained paths section(s) of the report.
INFO:Timing:3339 - The clock-to-out numbers in this timing report are based on 
   a 50 Ohm transmission line loading model.  For the details of this model, 
   and for more information on accounting for different loading conditions, 
   please see the device datasheet.



Data Sheet report:
-----------------
All values displayed in nanoseconds (ns)

Setup/Hold to clock data<3>
------------+------------+------------+------------+------------+------------------+--------+
            |Max Setup to|  Process   |Max Hold to |  Process   |                  | Clock  |
Source      | clk (edge) |   Corner   | clk (edge) |   Corner   |Internal Clock(s) | Phase  |
------------+------------+------------+------------+------------+------------------+--------+
A<0>        |    2.178(R)|      SLOW  |    1.759(R)|      SLOW  |data_3_IBUF_BUFG  |   0.000|
A<1>        |    2.593(R)|      SLOW  |    1.649(R)|      SLOW  |data_3_IBUF_BUFG  |   0.000|
A<2>        |    2.159(R)|      SLOW  |    1.609(R)|      SLOW  |data_3_IBUF_BUFG  |   0.000|
A<3>        |    1.705(R)|      SLOW  |    1.791(R)|      SLOW  |data_3_IBUF_BUFG  |   0.000|
A<4>        |    1.813(R)|      SLOW  |    1.720(R)|      SLOW  |data_3_IBUF_BUFG  |   0.000|
A<5>        |    1.953(R)|      SLOW  |    1.895(R)|      SLOW  |data_3_IBUF_BUFG  |   0.000|
A<6>        |    2.744(R)|      SLOW  |    2.014(R)|      SLOW  |data_3_IBUF_BUFG  |   0.000|
A<7>        |    2.676(R)|      SLOW  |    1.930(R)|      SLOW  |data_3_IBUF_BUFG  |   0.000|
A<8>        |    2.510(R)|      SLOW  |    2.029(R)|      SLOW  |data_3_IBUF_BUFG  |   0.000|
A<9>        |    2.521(R)|      SLOW  |    2.132(R)|      SLOW  |data_3_IBUF_BUFG  |   0.000|
A<10>       |    2.240(R)|      SLOW  |    2.269(R)|      SLOW  |data_3_IBUF_BUFG  |   0.000|
A<11>       |    2.220(R)|      SLOW  |    2.400(R)|      SLOW  |data_3_IBUF_BUFG  |   0.000|
A<12>       |    1.814(R)|      SLOW  |    2.439(R)|      SLOW  |data_3_IBUF_BUFG  |   0.000|
A<13>       |    2.572(R)|      SLOW  |    1.841(R)|      SLOW  |data_3_IBUF_BUFG  |   0.000|
A<14>       |    3.231(R)|      SLOW  |    1.723(R)|      SLOW  |data_3_IBUF_BUFG  |   0.000|
A<15>       |    2.900(R)|      SLOW  |    1.424(R)|      SLOW  |data_3_IBUF_BUFG  |   0.000|
A<16>       |    2.993(R)|      SLOW  |    1.021(R)|      SLOW  |data_3_IBUF_BUFG  |   0.000|
A<17>       |    2.064(R)|      SLOW  |    1.083(R)|      SLOW  |data_3_IBUF_BUFG  |   0.000|
A<18>       |    2.488(R)|      SLOW  |    1.288(R)|      SLOW  |data_3_IBUF_BUFG  |   0.000|
A<19>       |    1.783(R)|      SLOW  |    1.601(R)|      SLOW  |data_3_IBUF_BUFG  |   0.000|
A<20>       |    2.333(R)|      SLOW  |    1.275(R)|      SLOW  |data_3_IBUF_BUFG  |   0.000|
A<21>       |    1.740(R)|      SLOW  |    1.707(R)|      SLOW  |data_3_IBUF_BUFG  |   0.000|
A<22>       |    2.688(R)|      SLOW  |    0.990(R)|      SLOW  |data_3_IBUF_BUFG  |   0.000|
A<23>       |    3.078(R)|      SLOW  |    0.933(R)|      SLOW  |data_3_IBUF_BUFG  |   0.000|
A<24>       |    2.192(R)|      SLOW  |    1.576(R)|      SLOW  |data_3_IBUF_BUFG  |   0.000|
A<25>       |    2.064(R)|      SLOW  |    1.551(R)|      SLOW  |data_3_IBUF_BUFG  |   0.000|
A<26>       |    2.502(R)|      SLOW  |    1.530(R)|      SLOW  |data_3_IBUF_BUFG  |   0.000|
A<27>       |    2.300(R)|      SLOW  |    1.669(R)|      SLOW  |data_3_IBUF_BUFG  |   0.000|
A<28>       |    1.799(R)|      SLOW  |    1.623(R)|      SLOW  |data_3_IBUF_BUFG  |   0.000|
A<29>       |    1.724(R)|      SLOW  |    1.692(R)|      SLOW  |data_3_IBUF_BUFG  |   0.000|
A<30>       |    2.815(R)|      SLOW  |    1.457(R)|      SLOW  |data_3_IBUF_BUFG  |   0.000|
A<31>       |    3.608(R)|      SLOW  |    1.227(R)|      SLOW  |data_3_IBUF_BUFG  |   0.000|
B<0>        |    3.002(R)|      SLOW  |    1.008(R)|      SLOW  |data_3_IBUF_BUFG  |   0.000|
B<1>        |    2.761(R)|      SLOW  |    1.083(R)|      SLOW  |data_3_IBUF_BUFG  |   0.000|
B<2>        |    3.152(R)|      SLOW  |    1.265(R)|      SLOW  |data_3_IBUF_BUFG  |   0.000|
B<3>        |    2.891(R)|      SLOW  |    1.482(R)|      SLOW  |data_3_IBUF_BUFG  |   0.000|
B<4>        |    2.630(R)|      SLOW  |    1.538(R)|      SLOW  |data_3_IBUF_BUFG  |   0.000|
B<5>        |    2.843(R)|      SLOW  |    1.299(R)|      SLOW  |data_3_IBUF_BUFG  |   0.000|
B<6>        |    2.359(R)|      SLOW  |    1.199(R)|      SLOW  |data_3_IBUF_BUFG  |   0.000|
B<7>        |    2.048(R)|      SLOW  |    1.567(R)|      SLOW  |data_3_IBUF_BUFG  |   0.000|
B<8>        |    1.676(R)|      SLOW  |    1.866(R)|      SLOW  |data_3_IBUF_BUFG  |   0.000|
B<9>        |    2.502(R)|      SLOW  |    1.273(R)|      SLOW  |data_3_IBUF_BUFG  |   0.000|
B<10>       |    2.149(R)|      SLOW  |    1.491(R)|      SLOW  |data_3_IBUF_BUFG  |   0.000|
B<11>       |    1.810(R)|      SLOW  |    1.557(R)|      SLOW  |data_3_IBUF_BUFG  |   0.000|
B<12>       |    1.805(R)|      SLOW  |    1.483(R)|      SLOW  |data_3_IBUF_BUFG  |   0.000|
B<13>       |    2.245(R)|      SLOW  |    1.682(R)|      SLOW  |data_3_IBUF_BUFG  |   0.000|
B<14>       |    1.945(R)|      SLOW  |    1.423(R)|      SLOW  |data_3_IBUF_BUFG  |   0.000|
B<15>       |    2.141(R)|      SLOW  |    1.460(R)|      SLOW  |data_3_IBUF_BUFG  |   0.000|
B<16>       |    2.578(R)|      SLOW  |    0.653(R)|      SLOW  |data_3_IBUF_BUFG  |   0.000|
B<17>       |    2.395(R)|      SLOW  |    0.414(R)|      SLOW  |data_3_IBUF_BUFG  |   0.000|
B<18>       |    2.010(R)|      SLOW  |    1.222(R)|      SLOW  |data_3_IBUF_BUFG  |   0.000|
B<19>       |    3.180(R)|      SLOW  |    1.305(R)|      SLOW  |data_3_IBUF_BUFG  |   0.000|
B<20>       |    1.536(R)|      SLOW  |    1.187(R)|      SLOW  |data_3_IBUF_BUFG  |   0.000|
B<21>       |    1.468(R)|      SLOW  |    1.328(R)|      SLOW  |data_3_IBUF_BUFG  |   0.000|
B<22>       |    1.848(R)|      SLOW  |    0.922(R)|      SLOW  |data_3_IBUF_BUFG  |   0.000|
B<23>       |    1.866(R)|      SLOW  |    1.201(R)|      SLOW  |data_3_IBUF_BUFG  |   0.000|
B<24>       |    1.832(R)|      SLOW  |    1.232(R)|      SLOW  |data_3_IBUF_BUFG  |   0.000|
B<25>       |    1.470(R)|      SLOW  |    1.130(R)|      SLOW  |data_3_IBUF_BUFG  |   0.000|
B<26>       |    1.490(R)|      SLOW  |    1.466(R)|      SLOW  |data_3_IBUF_BUFG  |   0.000|
B<27>       |    1.562(R)|      SLOW  |    1.542(R)|      SLOW  |data_3_IBUF_BUFG  |   0.000|
B<28>       |    0.899(R)|      FAST  |    1.613(R)|      SLOW  |data_3_IBUF_BUFG  |   0.000|
B<29>       |    0.922(R)|      FAST  |    2.034(R)|      SLOW  |data_3_IBUF_BUFG  |   0.000|
B<30>       |    0.816(R)|      FAST  |    1.616(R)|      SLOW  |data_3_IBUF_BUFG  |   0.000|
B<31>       |    0.813(R)|      FAST  |    1.678(R)|      SLOW  |data_3_IBUF_BUFG  |   0.000|
data<0>     |    1.871(R)|      SLOW  |    2.232(R)|      SLOW  |data_3_IBUF_BUFG  |   0.000|
data<1>     |    1.447(R)|      SLOW  |    2.144(R)|      SLOW  |data_3_IBUF_BUFG  |   0.000|
data<2>     |    1.571(R)|      SLOW  |    2.152(R)|      SLOW  |data_3_IBUF_BUFG  |   0.000|
------------+------------+------------+------------+------------+------------------+--------+

Clock data<3> to Pad
------------+-----------------+------------+-----------------+------------+------------------+--------+
            |Max (slowest) clk|  Process   |Min (fastest) clk|  Process   |                  | Clock  |
Destination |  (edge) to PAD  |   Corner   |  (edge) to PAD  |   Corner   |Internal Clock(s) | Phase  |
------------+-----------------+------------+-----------------+------------+------------------+--------+
F<0>        |        10.863(R)|      SLOW  |         4.268(R)|      FAST  |data_3_IBUF_BUFG  |   0.000|
F<1>        |        10.671(R)|      SLOW  |         4.226(R)|      FAST  |data_3_IBUF_BUFG  |   0.000|
F<2>        |        10.697(R)|      SLOW  |         4.321(R)|      FAST  |data_3_IBUF_BUFG  |   0.000|
F<3>        |        10.690(R)|      SLOW  |         4.313(R)|      FAST  |data_3_IBUF_BUFG  |   0.000|
F<4>        |        10.796(R)|      SLOW  |         4.357(R)|      FAST  |data_3_IBUF_BUFG  |   0.000|
F<5>        |        10.770(R)|      SLOW  |         4.312(R)|      FAST  |data_3_IBUF_BUFG  |   0.000|
F<6>        |        10.174(R)|      SLOW  |         4.024(R)|      FAST  |data_3_IBUF_BUFG  |   0.000|
F<7>        |        10.426(R)|      SLOW  |         4.152(R)|      FAST  |data_3_IBUF_BUFG  |   0.000|
F<8>        |        10.979(R)|      SLOW  |         4.500(R)|      FAST  |data_3_IBUF_BUFG  |   0.000|
F<9>        |        10.579(R)|      SLOW  |         4.244(R)|      FAST  |data_3_IBUF_BUFG  |   0.000|
F<10>       |        10.985(R)|      SLOW  |         4.411(R)|      FAST  |data_3_IBUF_BUFG  |   0.000|
F<11>       |        10.356(R)|      SLOW  |         4.128(R)|      FAST  |data_3_IBUF_BUFG  |   0.000|
F<12>       |        11.017(R)|      SLOW  |         4.506(R)|      FAST  |data_3_IBUF_BUFG  |   0.000|
F<13>       |        11.067(R)|      SLOW  |         4.513(R)|      FAST  |data_3_IBUF_BUFG  |   0.000|
F<14>       |        10.335(R)|      SLOW  |         4.098(R)|      FAST  |data_3_IBUF_BUFG  |   0.000|
F<15>       |        10.524(R)|      SLOW  |         4.207(R)|      FAST  |data_3_IBUF_BUFG  |   0.000|
F<16>       |        10.242(R)|      SLOW  |         4.100(R)|      FAST  |data_3_IBUF_BUFG  |   0.000|
F<17>       |        10.686(R)|      SLOW  |         4.289(R)|      FAST  |data_3_IBUF_BUFG  |   0.000|
F<18>       |        10.803(R)|      SLOW  |         4.362(R)|      FAST  |data_3_IBUF_BUFG  |   0.000|
F<19>       |        10.576(R)|      SLOW  |         4.237(R)|      FAST  |data_3_IBUF_BUFG  |   0.000|
F<20>       |        11.203(R)|      SLOW  |         4.609(R)|      FAST  |data_3_IBUF_BUFG  |   0.000|
F<21>       |        10.695(R)|      SLOW  |         4.303(R)|      FAST  |data_3_IBUF_BUFG  |   0.000|
F<22>       |        10.380(R)|      SLOW  |         4.201(R)|      FAST  |data_3_IBUF_BUFG  |   0.000|
F<23>       |        10.935(R)|      SLOW  |         4.370(R)|      FAST  |data_3_IBUF_BUFG  |   0.000|
F<24>       |        10.817(R)|      SLOW  |         4.433(R)|      FAST  |data_3_IBUF_BUFG  |   0.000|
F<25>       |        10.427(R)|      SLOW  |         4.143(R)|      FAST  |data_3_IBUF_BUFG  |   0.000|
F<26>       |        10.385(R)|      SLOW  |         4.115(R)|      FAST  |data_3_IBUF_BUFG  |   0.000|
F<27>       |        10.979(R)|      SLOW  |         4.424(R)|      FAST  |data_3_IBUF_BUFG  |   0.000|
F<28>       |        10.777(R)|      SLOW  |         4.349(R)|      FAST  |data_3_IBUF_BUFG  |   0.000|
F<29>       |        10.840(R)|      SLOW  |         4.328(R)|      FAST  |data_3_IBUF_BUFG  |   0.000|
F<30>       |        11.029(R)|      SLOW  |         4.407(R)|      FAST  |data_3_IBUF_BUFG  |   0.000|
F<31>       |        10.590(R)|      SLOW  |         4.163(R)|      FAST  |data_3_IBUF_BUFG  |   0.000|
of          |        11.065(R)|      SLOW  |         4.070(R)|      FAST  |data_3_IBUF_BUFG  |   0.000|
zf          |        13.023(R)|      SLOW  |         4.642(R)|      FAST  |data_3_IBUF_BUFG  |   0.000|
------------+-----------------+------------+-----------------+------------+------------------+--------+

Pad to Pad
---------------+---------------+---------+
Source Pad     |Destination Pad|  Delay  |
---------------+---------------+---------+
A<0>           |F<0>           |   11.693|
A<0>           |F<1>           |   10.961|
A<0>           |F<2>           |   11.512|
A<0>           |F<3>           |   10.877|
A<0>           |F<4>           |   10.915|
A<0>           |F<5>           |   11.393|
A<0>           |F<6>           |   11.095|
A<0>           |F<7>           |   11.130|
A<0>           |F<8>           |   10.945|
A<0>           |F<9>           |   11.112|
A<0>           |F<10>          |   11.526|
A<0>           |F<11>          |   10.675|
A<0>           |F<12>          |   11.905|
A<0>           |F<13>          |   11.557|
A<0>           |F<14>          |   10.732|
A<0>           |F<15>          |   11.245|
A<0>           |F<16>          |   11.216|
A<0>           |F<17>          |   11.392|
A<0>           |F<18>          |   11.139|
A<0>           |F<19>          |   11.335|
A<0>           |F<20>          |   11.605|
A<0>           |F<21>          |   11.303|
A<0>           |F<22>          |   11.337|
A<0>           |F<23>          |   12.166|
A<0>           |F<24>          |   11.776|
A<0>           |F<25>          |   11.018|
A<0>           |F<26>          |   11.690|
A<0>           |F<27>          |   11.625|
A<0>           |F<28>          |   12.073|
A<0>           |F<29>          |   11.493|
A<0>           |F<30>          |   11.774|
A<0>           |F<31>          |   11.950|
A<0>           |of             |   12.423|
A<0>           |zf             |   13.799|
A<1>           |F<0>           |   12.025|
A<1>           |F<1>           |   11.213|
A<1>           |F<2>           |   11.725|
A<1>           |F<3>           |   11.254|
A<1>           |F<4>           |   11.579|
A<1>           |F<5>           |   12.057|
A<1>           |F<6>           |   11.308|
A<1>           |F<7>           |   11.752|
A<1>           |F<8>           |   11.406|
A<1>           |F<9>           |   11.776|
A<1>           |F<10>          |   12.190|
A<1>           |F<11>          |   11.339|
A<1>           |F<12>          |   12.320|
A<1>           |F<13>          |   11.800|
A<1>           |F<14>          |   11.396|
A<1>           |F<15>          |   11.603|
A<1>           |F<16>          |   11.317|
A<1>           |F<17>          |   11.629|
A<1>           |F<18>          |   11.408|
A<1>           |F<19>          |   11.291|
A<1>           |F<20>          |   12.055|
A<1>           |F<21>          |   11.242|
A<1>           |F<22>          |   11.451|
A<1>           |F<23>          |   12.453|
A<1>           |F<24>          |   11.942|
A<1>           |F<25>          |   11.173|
A<1>           |F<26>          |   11.866|
A<1>           |F<27>          |   11.912|
A<1>           |F<28>          |   12.488|
A<1>           |F<29>          |   12.098|
A<1>           |F<30>          |   12.129|
A<1>           |F<31>          |   11.923|
A<1>           |of             |   12.396|
A<1>           |zf             |   14.307|
A<2>           |F<0>           |   11.931|
A<2>           |F<1>           |   10.623|
A<2>           |F<2>           |   10.999|
A<2>           |F<3>           |   11.026|
A<2>           |F<4>           |   11.461|
A<2>           |F<5>           |   11.939|
A<2>           |F<6>           |   10.982|
A<2>           |F<7>           |   11.634|
A<2>           |F<8>           |   11.450|
A<2>           |F<9>           |   11.658|
A<2>           |F<10>          |   12.072|
A<2>           |F<11>          |   11.221|
A<2>           |F<12>          |   11.663|
A<2>           |F<13>          |   11.871|
A<2>           |F<14>          |   11.278|
A<2>           |F<15>          |   11.750|
A<2>           |F<16>          |   10.982|
A<2>           |F<17>          |   11.457|
A<2>           |F<18>          |   11.290|
A<2>           |F<19>          |   11.021|
A<2>           |F<20>          |   11.937|
A<2>           |F<21>          |   11.290|
A<2>           |F<22>          |   11.333|
A<2>           |F<23>          |   11.924|
A<2>           |F<24>          |   11.375|
A<2>           |F<25>          |   11.135|
A<2>           |F<26>          |   11.748|
A<2>           |F<27>          |   11.686|
A<2>           |F<28>          |   11.636|
A<2>           |F<29>          |   11.980|
A<2>           |F<30>          |   12.011|
A<2>           |F<31>          |   11.994|
A<2>           |of             |   12.467|
A<2>           |zf             |   14.189|
A<3>           |F<0>           |   11.719|
A<3>           |F<1>           |   10.417|
A<3>           |F<2>           |   10.358|
A<3>           |F<3>           |   10.361|
A<3>           |F<4>           |   10.810|
A<3>           |F<5>           |   11.262|
A<3>           |F<6>           |   10.405|
A<3>           |F<7>           |   11.105|
A<3>           |F<8>           |   11.081|
A<3>           |F<9>           |   10.981|
A<3>           |F<10>          |   11.395|
A<3>           |F<11>          |   10.690|
A<3>           |F<12>          |   11.294|
A<3>           |F<13>          |   11.502|
A<3>           |F<14>          |   10.775|
A<3>           |F<15>          |   11.381|
A<3>           |F<16>          |   10.779|
A<3>           |F<17>          |   11.088|
A<3>           |F<18>          |   10.698|
A<3>           |F<19>          |   10.782|
A<3>           |F<20>          |   11.260|
A<3>           |F<21>          |   10.921|
A<3>           |F<22>          |   10.676|
A<3>           |F<23>          |   11.247|
A<3>           |F<24>          |   11.204|
A<3>           |F<25>          |   10.766|
A<3>           |F<26>          |   11.255|
A<3>           |F<27>          |   11.266|
A<3>           |F<28>          |   10.986|
A<3>           |F<29>          |   11.303|
A<3>           |F<30>          |   11.463|
A<3>           |F<31>          |   11.625|
A<3>           |of             |   12.098|
A<3>           |zf             |   13.512|
A<4>           |F<0>           |   11.945|
A<4>           |F<1>           |   10.572|
A<4>           |F<2>           |   10.507|
A<4>           |F<3>           |   10.192|
A<4>           |F<4>           |   10.626|
A<4>           |F<5>           |   11.155|
A<4>           |F<6>           |   10.373|
A<4>           |F<7>           |   11.015|
A<4>           |F<8>           |   10.950|
A<4>           |F<9>           |   11.138|
A<4>           |F<10>          |   11.552|
A<4>           |F<11>          |   10.701|
A<4>           |F<12>          |   10.996|
A<4>           |F<13>          |   11.204|
A<4>           |F<14>          |   10.758|
A<4>           |F<15>          |   11.083|
A<4>           |F<16>          |   10.315|
A<4>           |F<17>          |   10.790|
A<4>           |F<18>          |   10.770|
A<4>           |F<19>          |   10.501|
A<4>           |F<20>          |   11.417|
A<4>           |F<21>          |   10.623|
A<4>           |F<22>          |   10.813|
A<4>           |F<23>          |   11.404|
A<4>           |F<24>          |   10.855|
A<4>           |F<25>          |   10.535|
A<4>           |F<26>          |   11.228|
A<4>           |F<27>          |   11.166|
A<4>           |F<28>          |   10.735|
A<4>           |F<29>          |   11.460|
A<4>           |F<30>          |   11.491|
A<4>           |F<31>          |   11.327|
A<4>           |of             |   11.800|
A<4>           |zf             |   13.405|
A<5>           |F<0>           |   11.642|
A<5>           |F<1>           |   10.203|
A<5>           |F<2>           |   10.138|
A<5>           |F<3>           |    9.823|
A<5>           |F<4>           |   10.135|
A<5>           |F<5>           |   11.296|
A<5>           |F<6>           |   10.698|
A<5>           |F<7>           |   11.339|
A<5>           |F<8>           |   11.082|
A<5>           |F<9>           |   11.452|
A<5>           |F<10>          |   11.866|
A<5>           |F<11>          |   11.015|
A<5>           |F<12>          |   11.163|
A<5>           |F<13>          |   11.476|
A<5>           |F<14>          |   11.072|
A<5>           |F<15>          |   11.279|
A<5>           |F<16>          |   10.743|
A<5>           |F<17>          |   11.347|
A<5>           |F<18>          |   11.098|
A<5>           |F<19>          |   11.045|
A<5>           |F<20>          |   11.731|
A<5>           |F<21>          |   11.053|
A<5>           |F<22>          |   11.127|
A<5>           |F<23>          |   11.718|
A<5>           |F<24>          |   11.169|
A<5>           |F<25>          |   10.849|
A<5>           |F<26>          |   11.542|
A<5>           |F<27>          |   11.548|
A<5>           |F<28>          |   11.049|
A<5>           |F<29>          |   11.774|
A<5>           |F<30>          |   11.805|
A<5>           |F<31>          |   11.478|
A<5>           |of             |   11.951|
A<5>           |zf             |   13.709|
A<6>           |F<0>           |   11.729|
A<6>           |F<1>           |   12.053|
A<6>           |F<2>           |   11.988|
A<6>           |F<3>           |   11.673|
A<6>           |F<4>           |   11.985|
A<6>           |F<5>           |   12.622|
A<6>           |F<6>           |   11.180|
A<6>           |F<7>           |   11.963|
A<6>           |F<8>           |   12.431|
A<6>           |F<9>           |   12.153|
A<6>           |F<10>          |   12.593|
A<6>           |F<11>          |   11.804|
A<6>           |F<12>          |   12.207|
A<6>           |F<13>          |   12.094|
A<6>           |F<14>          |   11.667|
A<6>           |F<15>          |   12.338|
A<6>           |F<16>          |   11.408|
A<6>           |F<17>          |   12.012|
A<6>           |F<18>          |   11.763|
A<6>           |F<19>          |   11.710|
A<6>           |F<20>          |   12.103|
A<6>           |F<21>          |   11.718|
A<6>           |F<22>          |   11.331|
A<6>           |F<23>          |   12.134|
A<6>           |F<24>          |   11.705|
A<6>           |F<25>          |   11.340|
A<6>           |F<26>          |   12.092|
A<6>           |F<27>          |   12.213|
A<6>           |F<28>          |   11.681|
A<6>           |F<29>          |   11.485|
A<6>           |F<30>          |   11.869|
A<6>           |F<31>          |   11.678|
A<6>           |of             |   12.151|
A<6>           |zf             |   14.872|
A<7>           |F<0>           |   11.339|
A<7>           |F<1>           |   11.985|
A<7>           |F<2>           |   11.920|
A<7>           |F<3>           |   11.605|
A<7>           |F<4>           |   11.917|
A<7>           |F<5>           |   12.554|
A<7>           |F<6>           |   11.112|
A<7>           |F<7>           |   11.895|
A<7>           |F<8>           |   12.363|
A<7>           |F<9>           |   12.085|
A<7>           |F<10>          |   12.525|
A<7>           |F<11>          |   11.736|
A<7>           |F<12>          |   12.139|
A<7>           |F<13>          |   12.026|
A<7>           |F<14>          |   11.599|
A<7>           |F<15>          |   12.270|
A<7>           |F<16>          |   11.340|
A<7>           |F<17>          |   11.944|
A<7>           |F<18>          |   11.695|
A<7>           |F<19>          |   11.642|
A<7>           |F<20>          |   12.035|
A<7>           |F<21>          |   11.650|
A<7>           |F<22>          |   11.263|
A<7>           |F<23>          |   12.066|
A<7>           |F<24>          |   11.637|
A<7>           |F<25>          |   11.272|
A<7>           |F<26>          |   12.024|
A<7>           |F<27>          |   12.145|
A<7>           |F<28>          |   11.613|
A<7>           |F<29>          |   11.417|
A<7>           |F<30>          |   11.801|
A<7>           |F<31>          |   11.610|
A<7>           |of             |   12.083|
A<7>           |zf             |   14.804|
A<8>           |F<0>           |   11.173|
A<8>           |F<1>           |   11.819|
A<8>           |F<2>           |   11.754|
A<8>           |F<3>           |   11.439|
A<8>           |F<4>           |   11.751|
A<8>           |F<5>           |   12.388|
A<8>           |F<6>           |   10.946|
A<8>           |F<7>           |   11.729|
A<8>           |F<8>           |   12.197|
A<8>           |F<9>           |   11.919|
A<8>           |F<10>          |   12.359|
A<8>           |F<11>          |   11.570|
A<8>           |F<12>          |   11.973|
A<8>           |F<13>          |   11.860|
A<8>           |F<14>          |   11.433|
A<8>           |F<15>          |   12.104|
A<8>           |F<16>          |   11.174|
A<8>           |F<17>          |   11.778|
A<8>           |F<18>          |   11.529|
A<8>           |F<19>          |   11.476|
A<8>           |F<20>          |   11.869|
A<8>           |F<21>          |   11.484|
A<8>           |F<22>          |   11.097|
A<8>           |F<23>          |   11.900|
A<8>           |F<24>          |   11.471|
A<8>           |F<25>          |   11.106|
A<8>           |F<26>          |   11.858|
A<8>           |F<27>          |   11.979|
A<8>           |F<28>          |   11.447|
A<8>           |F<29>          |   11.251|
A<8>           |F<30>          |   11.635|
A<8>           |F<31>          |   11.444|
A<8>           |of             |   11.917|
A<8>           |zf             |   14.638|
A<9>           |F<0>           |   11.357|
A<9>           |F<1>           |   11.830|
A<9>           |F<2>           |   11.765|
A<9>           |F<3>           |   11.450|
A<9>           |F<4>           |   11.762|
A<9>           |F<5>           |   12.399|
A<9>           |F<6>           |   10.957|
A<9>           |F<7>           |   11.740|
A<9>           |F<8>           |   12.208|
A<9>           |F<9>           |   11.930|
A<9>           |F<10>          |   12.370|
A<9>           |F<11>          |   11.581|
A<9>           |F<12>          |   11.984|
A<9>           |F<13>          |   11.871|
A<9>           |F<14>          |   11.444|
A<9>           |F<15>          |   12.115|
A<9>           |F<16>          |   11.185|
A<9>           |F<17>          |   11.789|
A<9>           |F<18>          |   11.540|
A<9>           |F<19>          |   11.487|
A<9>           |F<20>          |   11.880|
A<9>           |F<21>          |   11.495|
A<9>           |F<22>          |   11.108|
A<9>           |F<23>          |   11.911|
A<9>           |F<24>          |   11.482|
A<9>           |F<25>          |   11.117|
A<9>           |F<26>          |   11.869|
A<9>           |F<27>          |   11.990|
A<9>           |F<28>          |   11.458|
A<9>           |F<29>          |   11.262|
A<9>           |F<30>          |   11.646|
A<9>           |F<31>          |   11.455|
A<9>           |of             |   11.928|
A<9>           |zf             |   14.649|
A<10>          |F<0>           |   11.387|
A<10>          |F<1>           |   11.549|
A<10>          |F<2>           |   11.484|
A<10>          |F<3>           |   11.169|
A<10>          |F<4>           |   11.481|
A<10>          |F<5>           |   12.118|
A<10>          |F<6>           |   10.676|
A<10>          |F<7>           |   11.459|
A<10>          |F<8>           |   11.927|
A<10>          |F<9>           |   11.649|
A<10>          |F<10>          |   12.089|
A<10>          |F<11>          |   11.300|
A<10>          |F<12>          |   11.703|
A<10>          |F<13>          |   11.590|
A<10>          |F<14>          |   11.163|
A<10>          |F<15>          |   11.834|
A<10>          |F<16>          |   10.904|
A<10>          |F<17>          |   11.508|
A<10>          |F<18>          |   11.259|
A<10>          |F<19>          |   11.206|
A<10>          |F<20>          |   11.599|
A<10>          |F<21>          |   11.214|
A<10>          |F<22>          |   10.827|
A<10>          |F<23>          |   11.630|
A<10>          |F<24>          |   11.201|
A<10>          |F<25>          |   10.836|
A<10>          |F<26>          |   11.588|
A<10>          |F<27>          |   11.709|
A<10>          |F<28>          |   11.177|
A<10>          |F<29>          |   10.981|
A<10>          |F<30>          |   11.365|
A<10>          |F<31>          |   11.174|
A<10>          |of             |   11.647|
A<10>          |zf             |   14.368|
A<11>          |F<0>           |   11.224|
A<11>          |F<1>           |   11.529|
A<11>          |F<2>           |   11.464|
A<11>          |F<3>           |   11.149|
A<11>          |F<4>           |   11.461|
A<11>          |F<5>           |   12.098|
A<11>          |F<6>           |   10.656|
A<11>          |F<7>           |   11.439|
A<11>          |F<8>           |   11.907|
A<11>          |F<9>           |   11.629|
A<11>          |F<10>          |   12.069|
A<11>          |F<11>          |   11.280|
A<11>          |F<12>          |   11.683|
A<11>          |F<13>          |   11.570|
A<11>          |F<14>          |   11.143|
A<11>          |F<15>          |   11.814|
A<11>          |F<16>          |   10.884|
A<11>          |F<17>          |   11.488|
A<11>          |F<18>          |   11.239|
A<11>          |F<19>          |   11.186|
A<11>          |F<20>          |   11.579|
A<11>          |F<21>          |   11.194|
A<11>          |F<22>          |   10.807|
A<11>          |F<23>          |   11.610|
A<11>          |F<24>          |   11.181|
A<11>          |F<25>          |   10.816|
A<11>          |F<26>          |   11.568|
A<11>          |F<27>          |   11.689|
A<11>          |F<28>          |   11.157|
A<11>          |F<29>          |   11.084|
A<11>          |F<30>          |   11.345|
A<11>          |F<31>          |   11.154|
A<11>          |of             |   11.627|
A<11>          |zf             |   14.348|
A<12>          |F<0>           |   11.524|
A<12>          |F<1>           |   11.123|
A<12>          |F<2>           |   11.058|
A<12>          |F<3>           |   10.743|
A<12>          |F<4>           |   11.055|
A<12>          |F<5>           |   11.692|
A<12>          |F<6>           |   10.250|
A<12>          |F<7>           |   11.033|
A<12>          |F<8>           |   11.501|
A<12>          |F<9>           |   11.223|
A<12>          |F<10>          |   11.663|
A<12>          |F<11>          |   10.874|
A<12>          |F<12>          |   11.277|
A<12>          |F<13>          |   11.164|
A<12>          |F<14>          |   10.737|
A<12>          |F<15>          |   11.408|
A<12>          |F<16>          |   10.478|
A<12>          |F<17>          |   11.082|
A<12>          |F<18>          |   10.833|
A<12>          |F<19>          |   10.780|
A<12>          |F<20>          |   11.173|
A<12>          |F<21>          |   10.788|
A<12>          |F<22>          |   10.567|
A<12>          |F<23>          |   11.204|
A<12>          |F<24>          |   10.775|
A<12>          |F<25>          |   10.410|
A<12>          |F<26>          |   11.162|
A<12>          |F<27>          |   11.283|
A<12>          |F<28>          |   10.751|
A<12>          |F<29>          |   11.214|
A<12>          |F<30>          |   11.245|
A<12>          |F<31>          |   10.918|
A<12>          |of             |   11.391|
A<12>          |zf             |   13.942|
A<13>          |F<0>           |   11.365|
A<13>          |F<1>           |   11.881|
A<13>          |F<2>           |   11.816|
A<13>          |F<3>           |   11.501|
A<13>          |F<4>           |   11.813|
A<13>          |F<5>           |   12.450|
A<13>          |F<6>           |   11.008|
A<13>          |F<7>           |   11.791|
A<13>          |F<8>           |   12.259|
A<13>          |F<9>           |   11.981|
A<13>          |F<10>          |   12.421|
A<13>          |F<11>          |   11.632|
A<13>          |F<12>          |   12.035|
A<13>          |F<13>          |   11.922|
A<13>          |F<14>          |   11.495|
A<13>          |F<15>          |   12.166|
A<13>          |F<16>          |   11.236|
A<13>          |F<17>          |   11.840|
A<13>          |F<18>          |   11.591|
A<13>          |F<19>          |   11.538|
A<13>          |F<20>          |   11.931|
A<13>          |F<21>          |   11.546|
A<13>          |F<22>          |   11.159|
A<13>          |F<23>          |   11.962|
A<13>          |F<24>          |   11.533|
A<13>          |F<25>          |   11.168|
A<13>          |F<26>          |   11.920|
A<13>          |F<27>          |   12.041|
A<13>          |F<28>          |   11.509|
A<13>          |F<29>          |   11.313|
A<13>          |F<30>          |   11.697|
A<13>          |F<31>          |   11.506|
A<13>          |of             |   11.979|
A<13>          |zf             |   14.700|
A<14>          |F<0>           |   11.894|
A<14>          |F<1>           |   12.540|
A<14>          |F<2>           |   12.475|
A<14>          |F<3>           |   12.160|
A<14>          |F<4>           |   12.472|
A<14>          |F<5>           |   13.109|
A<14>          |F<6>           |   11.667|
A<14>          |F<7>           |   12.450|
A<14>          |F<8>           |   12.918|
A<14>          |F<9>           |   12.640|
A<14>          |F<10>          |   13.080|
A<14>          |F<11>          |   12.291|
A<14>          |F<12>          |   12.694|
A<14>          |F<13>          |   12.581|
A<14>          |F<14>          |   12.154|
A<14>          |F<15>          |   12.825|
A<14>          |F<16>          |   11.895|
A<14>          |F<17>          |   12.499|
A<14>          |F<18>          |   12.250|
A<14>          |F<19>          |   12.197|
A<14>          |F<20>          |   12.590|
A<14>          |F<21>          |   12.205|
A<14>          |F<22>          |   11.818|
A<14>          |F<23>          |   12.621|
A<14>          |F<24>          |   12.192|
A<14>          |F<25>          |   11.827|
A<14>          |F<26>          |   12.579|
A<14>          |F<27>          |   12.700|
A<14>          |F<28>          |   12.168|
A<14>          |F<29>          |   11.972|
A<14>          |F<30>          |   12.356|
A<14>          |F<31>          |   12.165|
A<14>          |of             |   12.638|
A<14>          |zf             |   15.359|
A<15>          |F<0>           |   11.907|
A<15>          |F<1>           |   12.209|
A<15>          |F<2>           |   12.144|
A<15>          |F<3>           |   11.829|
A<15>          |F<4>           |   12.141|
A<15>          |F<5>           |   12.778|
A<15>          |F<6>           |   11.336|
A<15>          |F<7>           |   12.119|
A<15>          |F<8>           |   12.587|
A<15>          |F<9>           |   12.309|
A<15>          |F<10>          |   12.749|
A<15>          |F<11>          |   11.960|
A<15>          |F<12>          |   12.363|
A<15>          |F<13>          |   12.250|
A<15>          |F<14>          |   11.823|
A<15>          |F<15>          |   12.494|
A<15>          |F<16>          |   11.564|
A<15>          |F<17>          |   12.168|
A<15>          |F<18>          |   11.919|
A<15>          |F<19>          |   11.866|
A<15>          |F<20>          |   12.259|
A<15>          |F<21>          |   11.874|
A<15>          |F<22>          |   11.487|
A<15>          |F<23>          |   12.290|
A<15>          |F<24>          |   11.861|
A<15>          |F<25>          |   11.496|
A<15>          |F<26>          |   12.248|
A<15>          |F<27>          |   12.369|
A<15>          |F<28>          |   11.837|
A<15>          |F<29>          |   11.794|
A<15>          |F<30>          |   12.025|
A<15>          |F<31>          |   12.052|
A<15>          |of             |   12.525|
A<15>          |zf             |   15.028|
A<16>          |F<0>           |   12.320|
A<16>          |F<1>           |   12.302|
A<16>          |F<2>           |   12.237|
A<16>          |F<3>           |   11.922|
A<16>          |F<4>           |   12.234|
A<16>          |F<5>           |   12.871|
A<16>          |F<6>           |   11.429|
A<16>          |F<7>           |   12.212|
A<16>          |F<8>           |   12.680|
A<16>          |F<9>           |   12.402|
A<16>          |F<10>          |   12.842|
A<16>          |F<11>          |   12.053|
A<16>          |F<12>          |   12.456|
A<16>          |F<13>          |   12.343|
A<16>          |F<14>          |   11.916|
A<16>          |F<15>          |   12.587|
A<16>          |F<16>          |   11.657|
A<16>          |F<17>          |   12.261|
A<16>          |F<18>          |   12.012|
A<16>          |F<19>          |   11.959|
A<16>          |F<20>          |   12.352|
A<16>          |F<21>          |   11.967|
A<16>          |F<22>          |   11.580|
A<16>          |F<23>          |   12.383|
A<16>          |F<24>          |   11.954|
A<16>          |F<25>          |   11.589|
A<16>          |F<26>          |   12.341|
A<16>          |F<27>          |   12.462|
A<16>          |F<28>          |   11.930|
A<16>          |F<29>          |   11.734|
A<16>          |F<30>          |   12.118|
A<16>          |F<31>          |   11.927|
A<16>          |of             |   12.400|
A<16>          |zf             |   15.121|
A<17>          |F<0>           |   10.998|
A<17>          |F<1>           |   11.373|
A<17>          |F<2>           |   11.308|
A<17>          |F<3>           |   10.993|
A<17>          |F<4>           |   11.305|
A<17>          |F<5>           |   11.942|
A<17>          |F<6>           |   10.500|
A<17>          |F<7>           |   11.283|
A<17>          |F<8>           |   11.751|
A<17>          |F<9>           |   11.473|
A<17>          |F<10>          |   11.913|
A<17>          |F<11>          |   11.124|
A<17>          |F<12>          |   11.527|
A<17>          |F<13>          |   11.414|
A<17>          |F<14>          |   10.987|
A<17>          |F<15>          |   11.658|
A<17>          |F<16>          |   10.728|
A<17>          |F<17>          |   11.332|
A<17>          |F<18>          |   11.083|
A<17>          |F<19>          |   11.030|
A<17>          |F<20>          |   11.423|
A<17>          |F<21>          |   11.038|
A<17>          |F<22>          |   10.672|
A<17>          |F<23>          |   11.454|
A<17>          |F<24>          |   11.025|
A<17>          |F<25>          |   10.660|
A<17>          |F<26>          |   11.412|
A<17>          |F<27>          |   11.533|
A<17>          |F<28>          |   11.001|
A<17>          |F<29>          |   11.319|
A<17>          |F<30>          |   11.350|
A<17>          |F<31>          |   11.331|
A<17>          |of             |   11.804|
A<17>          |zf             |   14.192|
A<18>          |F<0>           |   11.151|
A<18>          |F<1>           |   11.797|
A<18>          |F<2>           |   11.732|
A<18>          |F<3>           |   11.417|
A<18>          |F<4>           |   11.729|
A<18>          |F<5>           |   12.366|
A<18>          |F<6>           |   10.924|
A<18>          |F<7>           |   11.707|
A<18>          |F<8>           |   12.175|
A<18>          |F<9>           |   11.897|
A<18>          |F<10>          |   12.337|
A<18>          |F<11>          |   11.548|
A<18>          |F<12>          |   11.951|
A<18>          |F<13>          |   11.838|
A<18>          |F<14>          |   11.411|
A<18>          |F<15>          |   12.082|
A<18>          |F<16>          |   11.152|
A<18>          |F<17>          |   11.756|
A<18>          |F<18>          |   11.507|
A<18>          |F<19>          |   11.454|
A<18>          |F<20>          |   11.847|
A<18>          |F<21>          |   11.462|
A<18>          |F<22>          |   11.075|
A<18>          |F<23>          |   11.878|
A<18>          |F<24>          |   11.449|
A<18>          |F<25>          |   11.084|
A<18>          |F<26>          |   11.836|
A<18>          |F<27>          |   11.957|
A<18>          |F<28>          |   11.425|
A<18>          |F<29>          |   11.372|
A<18>          |F<30>          |   11.613|
A<18>          |F<31>          |   11.422|
A<18>          |of             |   11.895|
A<18>          |zf             |   14.616|
A<19>          |F<0>           |   11.472|
A<19>          |F<1>           |   11.092|
A<19>          |F<2>           |   11.027|
A<19>          |F<3>           |   10.712|
A<19>          |F<4>           |   11.024|
A<19>          |F<5>           |   11.661|
A<19>          |F<6>           |   10.219|
A<19>          |F<7>           |   11.002|
A<19>          |F<8>           |   11.470|
A<19>          |F<9>           |   11.192|
A<19>          |F<10>          |   11.632|
A<19>          |F<11>          |   10.843|
A<19>          |F<12>          |   11.246|
A<19>          |F<13>          |   11.133|
A<19>          |F<14>          |   10.706|
A<19>          |F<15>          |   11.377|
A<19>          |F<16>          |   10.447|
A<19>          |F<17>          |   11.051|
A<19>          |F<18>          |   10.802|
A<19>          |F<19>          |   10.749|
A<19>          |F<20>          |   11.293|
A<19>          |F<21>          |   10.757|
A<19>          |F<22>          |   10.689|
A<19>          |F<23>          |   11.280|
A<19>          |F<24>          |   10.744|
A<19>          |F<25>          |   10.458|
A<19>          |F<26>          |   11.131|
A<19>          |F<27>          |   11.252|
A<19>          |F<28>          |   10.720|
A<19>          |F<29>          |   11.336|
A<19>          |F<30>          |   11.367|
A<19>          |F<31>          |   11.317|
A<19>          |of             |   11.790|
A<19>          |zf             |   13.911|
A<20>          |F<0>           |   11.254|
A<20>          |F<1>           |   11.642|
A<20>          |F<2>           |   11.577|
A<20>          |F<3>           |   11.262|
A<20>          |F<4>           |   11.574|
A<20>          |F<5>           |   12.211|
A<20>          |F<6>           |   10.769|
A<20>          |F<7>           |   11.552|
A<20>          |F<8>           |   12.020|
A<20>          |F<9>           |   11.742|
A<20>          |F<10>          |   12.182|
A<20>          |F<11>          |   11.393|
A<20>          |F<12>          |   11.796|
A<20>          |F<13>          |   11.683|
A<20>          |F<14>          |   11.256|
A<20>          |F<15>          |   11.927|
A<20>          |F<16>          |   10.997|
A<20>          |F<17>          |   11.601|
A<20>          |F<18>          |   11.352|
A<20>          |F<19>          |   11.299|
A<20>          |F<20>          |   11.692|
A<20>          |F<21>          |   11.307|
A<20>          |F<22>          |   10.920|
A<20>          |F<23>          |   11.723|
A<20>          |F<24>          |   11.294|
A<20>          |F<25>          |   10.929|
A<20>          |F<26>          |   11.681|
A<20>          |F<27>          |   11.802|
A<20>          |F<28>          |   11.270|
A<20>          |F<29>          |   11.074|
A<20>          |F<30>          |   11.458|
A<20>          |F<31>          |   11.281|
A<20>          |of             |   11.754|
A<20>          |zf             |   14.461|
A<21>          |F<0>           |   10.793|
A<21>          |F<1>           |   11.049|
A<21>          |F<2>           |   10.984|
A<21>          |F<3>           |   10.669|
A<21>          |F<4>           |   10.981|
A<21>          |F<5>           |   11.618|
A<21>          |F<6>           |   10.176|
A<21>          |F<7>           |   10.959|
A<21>          |F<8>           |   11.427|
A<21>          |F<9>           |   11.149|
A<21>          |F<10>          |   11.589|
A<21>          |F<11>          |   10.800|
A<21>          |F<12>          |   11.203|
A<21>          |F<13>          |   11.090|
A<21>          |F<14>          |   10.663|
A<21>          |F<15>          |   11.334|
A<21>          |F<16>          |   10.404|
A<21>          |F<17>          |   11.008|
A<21>          |F<18>          |   10.759|
A<21>          |F<19>          |   10.706|
A<21>          |F<20>          |   11.099|
A<21>          |F<21>          |   10.714|
A<21>          |F<22>          |   10.327|
A<21>          |F<23>          |   11.130|
A<21>          |F<24>          |   10.701|
A<21>          |F<25>          |   10.336|
A<21>          |F<26>          |   11.088|
A<21>          |F<27>          |   11.209|
A<21>          |F<28>          |   10.677|
A<21>          |F<29>          |   10.481|
A<21>          |F<30>          |   10.865|
A<21>          |F<31>          |   10.942|
A<21>          |of             |   11.415|
A<21>          |zf             |   13.868|
A<22>          |F<0>           |   11.781|
A<22>          |F<1>           |   11.997|
A<22>          |F<2>           |   11.932|
A<22>          |F<3>           |   11.617|
A<22>          |F<4>           |   11.929|
A<22>          |F<5>           |   12.566|
A<22>          |F<6>           |   11.124|
A<22>          |F<7>           |   11.907|
A<22>          |F<8>           |   12.375|
A<22>          |F<9>           |   12.097|
A<22>          |F<10>          |   12.537|
A<22>          |F<11>          |   11.748|
A<22>          |F<12>          |   12.151|
A<22>          |F<13>          |   12.038|
A<22>          |F<14>          |   11.611|
A<22>          |F<15>          |   12.282|
A<22>          |F<16>          |   11.352|
A<22>          |F<17>          |   11.956|
A<22>          |F<18>          |   11.707|
A<22>          |F<19>          |   11.654|
A<22>          |F<20>          |   12.047|
A<22>          |F<21>          |   11.662|
A<22>          |F<22>          |   11.275|
A<22>          |F<23>          |   12.078|
A<22>          |F<24>          |   11.649|
A<22>          |F<25>          |   11.284|
A<22>          |F<26>          |   12.036|
A<22>          |F<27>          |   12.157|
A<22>          |F<28>          |   11.625|
A<22>          |F<29>          |   11.429|
A<22>          |F<30>          |   11.813|
A<22>          |F<31>          |   11.622|
A<22>          |of             |   12.095|
A<22>          |zf             |   14.816|
A<23>          |F<0>           |   12.077|
A<23>          |F<1>           |   12.387|
A<23>          |F<2>           |   12.322|
A<23>          |F<3>           |   12.007|
A<23>          |F<4>           |   12.319|
A<23>          |F<5>           |   12.956|
A<23>          |F<6>           |   11.514|
A<23>          |F<7>           |   12.297|
A<23>          |F<8>           |   12.765|
A<23>          |F<9>           |   12.487|
A<23>          |F<10>          |   12.927|
A<23>          |F<11>          |   12.138|
A<23>          |F<12>          |   12.541|
A<23>          |F<13>          |   12.428|
A<23>          |F<14>          |   12.001|
A<23>          |F<15>          |   12.672|
A<23>          |F<16>          |   11.742|
A<23>          |F<17>          |   12.346|
A<23>          |F<18>          |   12.097|
A<23>          |F<19>          |   12.044|
A<23>          |F<20>          |   12.437|
A<23>          |F<21>          |   12.052|
A<23>          |F<22>          |   11.665|
A<23>          |F<23>          |   12.468|
A<23>          |F<24>          |   12.039|
A<23>          |F<25>          |   11.674|
A<23>          |F<26>          |   12.426|
A<23>          |F<27>          |   12.547|
A<23>          |F<28>          |   12.015|
A<23>          |F<29>          |   11.819|
A<23>          |F<30>          |   12.203|
A<23>          |F<31>          |   12.012|
A<23>          |of             |   12.485|
A<23>          |zf             |   15.206|
A<24>          |F<0>           |   11.075|
A<24>          |F<1>           |   11.501|
A<24>          |F<2>           |   11.436|
A<24>          |F<3>           |   11.121|
A<24>          |F<4>           |   11.433|
A<24>          |F<5>           |   12.070|
A<24>          |F<6>           |   10.628|
A<24>          |F<7>           |   11.411|
A<24>          |F<8>           |   11.879|
A<24>          |F<9>           |   11.601|
A<24>          |F<10>          |   12.041|
A<24>          |F<11>          |   11.252|
A<24>          |F<12>          |   11.655|
A<24>          |F<13>          |   11.542|
A<24>          |F<14>          |   11.115|
A<24>          |F<15>          |   11.786|
A<24>          |F<16>          |   10.856|
A<24>          |F<17>          |   11.460|
A<24>          |F<18>          |   11.211|
A<24>          |F<19>          |   11.158|
A<24>          |F<20>          |   11.551|
A<24>          |F<21>          |   11.166|
A<24>          |F<22>          |   10.779|
A<24>          |F<23>          |   11.582|
A<24>          |F<24>          |   11.153|
A<24>          |F<25>          |   10.788|
A<24>          |F<26>          |   11.540|
A<24>          |F<27>          |   11.661|
A<24>          |F<28>          |   11.129|
A<24>          |F<29>          |   10.933|
A<24>          |F<30>          |   11.317|
A<24>          |F<31>          |   11.126|
A<24>          |of             |   11.599|
A<24>          |zf             |   14.320|
A<25>          |F<0>           |   10.871|
A<25>          |F<1>           |   11.373|
A<25>          |F<2>           |   11.308|
A<25>          |F<3>           |   10.993|
A<25>          |F<4>           |   11.305|
A<25>          |F<5>           |   11.942|
A<25>          |F<6>           |   10.500|
A<25>          |F<7>           |   11.283|
A<25>          |F<8>           |   11.751|
A<25>          |F<9>           |   11.473|
A<25>          |F<10>          |   11.913|
A<25>          |F<11>          |   11.124|
A<25>          |F<12>          |   11.527|
A<25>          |F<13>          |   11.414|
A<25>          |F<14>          |   10.987|
A<25>          |F<15>          |   11.658|
A<25>          |F<16>          |   10.728|
A<25>          |F<17>          |   11.332|
A<25>          |F<18>          |   11.083|
A<25>          |F<19>          |   11.030|
A<25>          |F<20>          |   11.423|
A<25>          |F<21>          |   11.038|
A<25>          |F<22>          |   10.651|
A<25>          |F<23>          |   11.454|
A<25>          |F<24>          |   11.025|
A<25>          |F<25>          |   10.660|
A<25>          |F<26>          |   11.412|
A<25>          |F<27>          |   11.533|
A<25>          |F<28>          |   11.001|
A<25>          |F<29>          |   10.805|
A<25>          |F<30>          |   11.189|
A<25>          |F<31>          |   10.998|
A<25>          |of             |   11.471|
A<25>          |zf             |   14.192|
A<26>          |F<0>           |   11.165|
A<26>          |F<1>           |   11.811|
A<26>          |F<2>           |   11.746|
A<26>          |F<3>           |   11.431|
A<26>          |F<4>           |   11.743|
A<26>          |F<5>           |   12.380|
A<26>          |F<6>           |   10.938|
A<26>          |F<7>           |   11.721|
A<26>          |F<8>           |   12.189|
A<26>          |F<9>           |   11.911|
A<26>          |F<10>          |   12.351|
A<26>          |F<11>          |   11.562|
A<26>          |F<12>          |   11.965|
A<26>          |F<13>          |   11.852|
A<26>          |F<14>          |   11.425|
A<26>          |F<15>          |   12.096|
A<26>          |F<16>          |   11.166|
A<26>          |F<17>          |   11.770|
A<26>          |F<18>          |   11.521|
A<26>          |F<19>          |   11.468|
A<26>          |F<20>          |   11.861|
A<26>          |F<21>          |   11.476|
A<26>          |F<22>          |   11.089|
A<26>          |F<23>          |   11.892|
A<26>          |F<24>          |   11.463|
A<26>          |F<25>          |   11.098|
A<26>          |F<26>          |   11.850|
A<26>          |F<27>          |   11.971|
A<26>          |F<28>          |   11.439|
A<26>          |F<29>          |   11.243|
A<26>          |F<30>          |   11.627|
A<26>          |F<31>          |   11.436|
A<26>          |of             |   11.909|
A<26>          |zf             |   14.630|
A<27>          |F<0>           |   11.001|
A<27>          |F<1>           |   11.609|
A<27>          |F<2>           |   11.544|
A<27>          |F<3>           |   11.229|
A<27>          |F<4>           |   11.541|
A<27>          |F<5>           |   12.178|
A<27>          |F<6>           |   10.736|
A<27>          |F<7>           |   11.519|
A<27>          |F<8>           |   11.987|
A<27>          |F<9>           |   11.709|
A<27>          |F<10>          |   12.149|
A<27>          |F<11>          |   11.360|
A<27>          |F<12>          |   11.763|
A<27>          |F<13>          |   11.650|
A<27>          |F<14>          |   11.223|
A<27>          |F<15>          |   11.894|
A<27>          |F<16>          |   10.964|
A<27>          |F<17>          |   11.568|
A<27>          |F<18>          |   11.319|
A<27>          |F<19>          |   11.266|
A<27>          |F<20>          |   11.659|
A<27>          |F<21>          |   11.274|
A<27>          |F<22>          |   10.887|
A<27>          |F<23>          |   11.690|
A<27>          |F<24>          |   11.261|
A<27>          |F<25>          |   10.896|
A<27>          |F<26>          |   11.648|
A<27>          |F<27>          |   11.769|
A<27>          |F<28>          |   11.237|
A<27>          |F<29>          |   11.041|
A<27>          |F<30>          |   11.425|
A<27>          |F<31>          |   11.234|
A<27>          |of             |   11.707|
A<27>          |zf             |   14.428|
A<28>          |F<0>           |   10.474|
A<28>          |F<1>           |   11.108|
A<28>          |F<2>           |   11.043|
A<28>          |F<3>           |   10.728|
A<28>          |F<4>           |   11.040|
A<28>          |F<5>           |   11.677|
A<28>          |F<6>           |   10.235|
A<28>          |F<7>           |   11.018|
A<28>          |F<8>           |   11.486|
A<28>          |F<9>           |   11.208|
A<28>          |F<10>          |   11.648|
A<28>          |F<11>          |   10.859|
A<28>          |F<12>          |   11.262|
A<28>          |F<13>          |   11.149|
A<28>          |F<14>          |   10.722|
A<28>          |F<15>          |   11.393|
A<28>          |F<16>          |   10.463|
A<28>          |F<17>          |   11.067|
A<28>          |F<18>          |   10.818|
A<28>          |F<19>          |   10.765|
A<28>          |F<20>          |   11.158|
A<28>          |F<21>          |   10.773|
A<28>          |F<22>          |   10.386|
A<28>          |F<23>          |   11.189|
A<28>          |F<24>          |   10.760|
A<28>          |F<25>          |   10.395|
A<28>          |F<26>          |   11.147|
A<28>          |F<27>          |   11.268|
A<28>          |F<28>          |   10.736|
A<28>          |F<29>          |   10.540|
A<28>          |F<30>          |   10.924|
A<28>          |F<31>          |   10.733|
A<28>          |of             |   11.206|
A<28>          |zf             |   13.927|
A<29>          |F<0>           |   10.613|
A<29>          |F<1>           |   11.033|
A<29>          |F<2>           |   10.968|
A<29>          |F<3>           |   10.653|
A<29>          |F<4>           |   10.965|
A<29>          |F<5>           |   11.602|
A<29>          |F<6>           |   10.160|
A<29>          |F<7>           |   10.943|
A<29>          |F<8>           |   11.411|
A<29>          |F<9>           |   11.133|
A<29>          |F<10>          |   11.573|
A<29>          |F<11>          |   10.784|
A<29>          |F<12>          |   11.187|
A<29>          |F<13>          |   11.074|
A<29>          |F<14>          |   10.647|
A<29>          |F<15>          |   11.318|
A<29>          |F<16>          |   10.388|
A<29>          |F<17>          |   10.992|
A<29>          |F<18>          |   10.743|
A<29>          |F<19>          |   10.690|
A<29>          |F<20>          |   11.083|
A<29>          |F<21>          |   10.698|
A<29>          |F<22>          |   10.311|
A<29>          |F<23>          |   11.114|
A<29>          |F<24>          |   10.685|
A<29>          |F<25>          |   10.320|
A<29>          |F<26>          |   11.072|
A<29>          |F<27>          |   11.193|
A<29>          |F<28>          |   10.661|
A<29>          |F<29>          |   10.465|
A<29>          |F<30>          |   10.849|
A<29>          |F<31>          |   10.717|
A<29>          |of             |   11.190|
A<29>          |zf             |   13.852|
A<30>          |F<0>           |   11.478|
A<30>          |F<1>           |   12.124|
A<30>          |F<2>           |   12.059|
A<30>          |F<3>           |   11.744|
A<30>          |F<4>           |   12.056|
A<30>          |F<5>           |   12.693|
A<30>          |F<6>           |   11.251|
A<30>          |F<7>           |   12.034|
A<30>          |F<8>           |   12.502|
A<30>          |F<9>           |   12.224|
A<30>          |F<10>          |   12.664|
A<30>          |F<11>          |   11.875|
A<30>          |F<12>          |   12.278|
A<30>          |F<13>          |   12.165|
A<30>          |F<14>          |   11.738|
A<30>          |F<15>          |   12.409|
A<30>          |F<16>          |   11.479|
A<30>          |F<17>          |   12.083|
A<30>          |F<18>          |   11.834|
A<30>          |F<19>          |   11.781|
A<30>          |F<20>          |   12.174|
A<30>          |F<21>          |   11.789|
A<30>          |F<22>          |   11.402|
A<30>          |F<23>          |   12.205|
A<30>          |F<24>          |   11.776|
A<30>          |F<25>          |   11.411|
A<30>          |F<26>          |   12.163|
A<30>          |F<27>          |   12.284|
A<30>          |F<28>          |   11.752|
A<30>          |F<29>          |   11.556|
A<30>          |F<30>          |   11.940|
A<30>          |F<31>          |   11.749|
A<30>          |of             |   12.222|
A<30>          |zf             |   14.943|
A<31>          |F<0>           |   12.271|
A<31>          |F<1>           |   12.917|
A<31>          |F<2>           |   12.852|
A<31>          |F<3>           |   12.537|
A<31>          |F<4>           |   12.849|
A<31>          |F<5>           |   13.486|
A<31>          |F<6>           |   12.044|
A<31>          |F<7>           |   12.827|
A<31>          |F<8>           |   13.295|
A<31>          |F<9>           |   13.017|
A<31>          |F<10>          |   13.457|
A<31>          |F<11>          |   12.668|
A<31>          |F<12>          |   13.071|
A<31>          |F<13>          |   12.958|
A<31>          |F<14>          |   12.531|
A<31>          |F<15>          |   13.202|
A<31>          |F<16>          |   12.272|
A<31>          |F<17>          |   12.876|
A<31>          |F<18>          |   12.627|
A<31>          |F<19>          |   12.574|
A<31>          |F<20>          |   12.967|
A<31>          |F<21>          |   12.582|
A<31>          |F<22>          |   12.195|
A<31>          |F<23>          |   12.998|
A<31>          |F<24>          |   12.569|
A<31>          |F<25>          |   12.204|
A<31>          |F<26>          |   12.956|
A<31>          |F<27>          |   13.077|
A<31>          |F<28>          |   12.545|
A<31>          |F<29>          |   12.349|
A<31>          |F<30>          |   12.733|
A<31>          |F<31>          |   12.542|
A<31>          |of             |   13.015|
A<31>          |zf             |   15.736|
B<0>           |F<0>           |   12.154|
B<0>           |F<1>           |   12.394|
B<0>           |F<2>           |   11.888|
B<0>           |F<3>           |   11.877|
B<0>           |F<4>           |   12.212|
B<0>           |F<5>           |   12.690|
B<0>           |F<6>           |   11.733|
B<0>           |F<7>           |   12.402|
B<0>           |F<8>           |   12.378|
B<0>           |F<9>           |   12.409|
B<0>           |F<10>          |   12.823|
B<0>           |F<11>          |   11.987|
B<0>           |F<12>          |   12.591|
B<0>           |F<13>          |   12.799|
B<0>           |F<14>          |   12.072|
B<0>           |F<15>          |   12.678|
B<0>           |F<16>          |   11.910|
B<0>           |F<17>          |   12.385|
B<0>           |F<18>          |   12.041|
B<0>           |F<19>          |   11.794|
B<0>           |F<20>          |   12.688|
B<0>           |F<21>          |   12.218|
B<0>           |F<22>          |   12.084|
B<0>           |F<23>          |   12.770|
B<0>           |F<24>          |   12.225|
B<0>           |F<25>          |   12.063|
B<0>           |F<26>          |   12.552|
B<0>           |F<27>          |   12.563|
B<0>           |F<28>          |   12.283|
B<0>           |F<29>          |   12.731|
B<0>           |F<30>          |   12.762|
B<0>           |F<31>          |   12.922|
B<0>           |of             |   13.395|
B<0>           |zf             |   14.940|
B<1>           |F<0>           |   12.133|
B<1>           |F<1>           |   11.912|
B<1>           |F<2>           |   11.905|
B<1>           |F<3>           |   11.297|
B<1>           |F<4>           |   11.798|
B<1>           |F<5>           |   11.980|
B<1>           |F<6>           |   11.488|
B<1>           |F<7>           |   12.093|
B<1>           |F<8>           |   12.069|
B<1>           |F<9>           |   11.704|
B<1>           |F<10>          |   12.271|
B<1>           |F<11>          |   11.678|
B<1>           |F<12>          |   12.488|
B<1>           |F<13>          |   12.490|
B<1>           |F<14>          |   11.763|
B<1>           |F<15>          |   12.369|
B<1>           |F<16>          |   11.601|
B<1>           |F<17>          |   12.076|
B<1>           |F<18>          |   11.686|
B<1>           |F<19>          |   11.485|
B<1>           |F<20>          |   12.069|
B<1>           |F<21>          |   11.909|
B<1>           |F<22>          |   11.664|
B<1>           |F<23>          |   12.012|
B<1>           |F<24>          |   11.925|
B<1>           |F<25>          |   11.754|
B<1>           |F<26>          |   12.243|
B<1>           |F<27>          |   12.254|
B<1>           |F<28>          |   12.656|
B<1>           |F<29>          |   11.991|
B<1>           |F<30>          |   12.451|
B<1>           |F<31>          |   12.613|
B<1>           |of             |   13.086|
B<1>           |zf             |   14.462|
B<2>           |F<0>           |   12.679|
B<2>           |F<2>           |   12.015|
B<2>           |F<3>           |   11.660|
B<2>           |F<4>           |   12.095|
B<2>           |F<5>           |   12.573|
B<2>           |F<6>           |   11.616|
B<2>           |F<7>           |   12.268|
B<2>           |F<8>           |   11.922|
B<2>           |F<9>           |   12.292|
B<2>           |F<10>          |   12.706|
B<2>           |F<11>          |   11.855|
B<2>           |F<12>          |   12.879|
B<2>           |F<13>          |   12.316|
B<2>           |F<14>          |   11.912|
B<2>           |F<15>          |   12.119|
B<2>           |F<16>          |   11.876|
B<2>           |F<17>          |   12.101|
B<2>           |F<18>          |   11.924|
B<2>           |F<19>          |   11.655|
B<2>           |F<20>          |   12.571|
B<2>           |F<21>          |   11.758|
B<2>           |F<22>          |   11.967|
B<2>           |F<23>          |   12.850|
B<2>           |F<24>          |   12.316|
B<2>           |F<25>          |   11.689|
B<2>           |F<26>          |   12.382|
B<2>           |F<27>          |   12.320|
B<2>           |F<28>          |   13.047|
B<2>           |F<29>          |   12.614|
B<2>           |F<30>          |   12.645|
B<2>           |F<31>          |   12.320|
B<2>           |of             |   12.793|
B<2>           |zf             |   14.823|
B<3>           |F<0>           |   12.400|
B<3>           |F<3>           |   11.648|
B<3>           |F<4>           |   11.658|
B<3>           |F<5>           |   12.383|
B<3>           |F<6>           |   11.303|
B<3>           |F<7>           |   11.901|
B<3>           |F<8>           |   11.629|
B<3>           |F<9>           |   11.855|
B<3>           |F<10>          |   12.269|
B<3>           |F<11>          |   11.418|
B<3>           |F<12>          |   12.618|
B<3>           |F<13>          |   12.107|
B<3>           |F<14>          |   11.475|
B<3>           |F<15>          |   11.929|
B<3>           |F<16>          |   11.615|
B<3>           |F<17>          |   12.306|
B<3>           |F<18>          |   11.487|
B<3>           |F<19>          |   11.652|
B<3>           |F<20>          |   12.199|
B<3>           |F<21>          |   11.559|
B<3>           |F<22>          |   11.530|
B<3>           |F<23>          |   12.937|
B<3>           |F<24>          |   12.055|
B<3>           |F<25>          |   11.796|
B<3>           |F<26>          |   11.945|
B<3>           |F<27>          |   12.396|
B<3>           |F<28>          |   12.786|
B<3>           |F<29>          |   12.177|
B<3>           |F<30>          |   12.208|
B<3>           |F<31>          |   12.407|
B<3>           |of             |   12.880|
B<3>           |zf             |   14.633|
B<4>           |F<0>           |   11.780|
B<4>           |F<4>           |   10.935|
B<4>           |F<5>           |   11.375|
B<4>           |F<6>           |   10.928|
B<4>           |F<7>           |   11.446|
B<4>           |F<8>           |   11.521|
B<4>           |F<9>           |   11.160|
B<4>           |F<10>          |   11.723|
B<4>           |F<11>          |   11.130|
B<4>           |F<12>          |   12.357|
B<4>           |F<13>          |   11.942|
B<4>           |F<14>          |   11.215|
B<4>           |F<15>          |   11.821|
B<4>           |F<16>          |   11.354|
B<4>           |F<17>          |   11.528|
B<4>           |F<18>          |   11.138|
B<4>           |F<19>          |   10.937|
B<4>           |F<20>          |   11.938|
B<4>           |F<21>          |   11.361|
B<4>           |F<22>          |   11.116|
B<4>           |F<23>          |   11.607|
B<4>           |F<24>          |   11.794|
B<4>           |F<25>          |   11.206|
B<4>           |F<26>          |   11.695|
B<4>           |F<27>          |   11.706|
B<4>           |F<28>          |   12.525|
B<4>           |F<29>          |   11.482|
B<4>           |F<30>          |   11.903|
B<4>           |F<31>          |   12.065|
B<4>           |of             |   12.538|
B<4>           |zf             |   13.959|
B<5>           |F<0>           |   12.601|
B<5>           |F<5>           |   12.668|
B<5>           |F<6>           |   11.820|
B<5>           |F<7>           |   12.232|
B<5>           |F<8>           |   11.958|
B<5>           |F<9>           |   12.328|
B<5>           |F<10>          |   12.742|
B<5>           |F<11>          |   11.891|
B<5>           |F<12>          |   12.133|
B<5>           |F<13>          |   12.392|
B<5>           |F<14>          |   11.948|
B<5>           |F<15>          |   12.220|
B<5>           |F<16>          |   12.112|
B<5>           |F<17>          |   12.591|
B<5>           |F<18>          |   11.960|
B<5>           |F<19>          |   12.347|
B<5>           |F<20>          |   12.607|
B<5>           |F<21>          |   11.844|
B<5>           |F<22>          |   12.003|
B<5>           |F<23>          |   13.186|
B<5>           |F<24>          |   12.561|
B<5>           |F<25>          |   12.081|
B<5>           |F<26>          |   12.418|
B<5>           |F<27>          |   12.717|
B<5>           |F<28>          |   12.031|
B<5>           |F<29>          |   12.650|
B<5>           |F<30>          |   12.681|
B<5>           |F<31>          |   12.763|
B<5>           |of             |   13.236|
B<5>           |zf             |   14.918|
B<6>           |F<0>           |   12.134|
B<6>           |F<6>           |   11.117|
B<6>           |F<7>           |   11.635|
B<6>           |F<8>           |   11.660|
B<6>           |F<9>           |   11.858|
B<6>           |F<10>          |   12.272|
B<6>           |F<11>          |   11.421|
B<6>           |F<12>          |   11.873|
B<6>           |F<13>          |   12.081|
B<6>           |F<14>          |   11.478|
B<6>           |F<15>          |   11.960|
B<6>           |F<16>          |   11.409|
B<6>           |F<17>          |   11.667|
B<6>           |F<18>          |   11.490|
B<6>           |F<19>          |   11.410|
B<6>           |F<20>          |   12.137|
B<6>           |F<21>          |   11.500|
B<6>           |F<22>          |   11.533|
B<6>           |F<23>          |   12.249|
B<6>           |F<24>          |   11.858|
B<6>           |F<25>          |   11.345|
B<6>           |F<26>          |   11.948|
B<6>           |F<27>          |   11.886|
B<6>           |F<28>          |   11.565|
B<6>           |F<29>          |   12.180|
B<6>           |F<30>          |   12.211|
B<6>           |F<31>          |   12.204|
B<6>           |of             |   12.677|
B<6>           |zf             |   14.115|
B<7>           |F<0>           |   12.057|
B<7>           |F<7>           |   11.256|
B<7>           |F<8>           |   11.424|
B<7>           |F<9>           |   11.437|
B<7>           |F<10>          |   11.851|
B<7>           |F<11>          |   11.033|
B<7>           |F<12>          |   11.637|
B<7>           |F<13>          |   11.845|
B<7>           |F<14>          |   11.118|
B<7>           |F<15>          |   11.724|
B<7>           |F<16>          |   10.975|
B<7>           |F<17>          |   11.431|
B<7>           |F<18>          |   11.069|
B<7>           |F<19>          |   11.371|
B<7>           |F<20>          |   11.716|
B<7>           |F<21>          |   11.264|
B<7>           |F<22>          |   11.112|
B<7>           |F<23>          |   12.210|
B<7>           |F<24>          |   11.424|
B<7>           |F<25>          |   11.109|
B<7>           |F<26>          |   11.598|
B<7>           |F<27>          |   11.741|
B<7>           |F<28>          |   11.329|
B<7>           |F<29>          |   11.759|
B<7>           |F<30>          |   11.806|
B<7>           |F<31>          |   11.968|
B<7>           |of             |   12.441|
B<7>           |zf             |   13.817|
B<8>           |F<0>           |   11.512|
B<8>           |F<8>           |   10.608|
B<8>           |F<9>           |   10.641|
B<8>           |F<10>          |   11.321|
B<8>           |F<11>          |   10.373|
B<8>           |F<12>          |   11.076|
B<8>           |F<13>          |   11.284|
B<8>           |F<14>          |   10.557|
B<8>           |F<15>          |   11.163|
B<8>           |F<16>          |   11.091|
B<8>           |F<17>          |   10.870|
B<8>           |F<18>          |   10.859|
B<8>           |F<19>          |   11.192|
B<8>           |F<20>          |   11.190|
B<8>           |F<21>          |   10.703|
B<8>           |F<22>          |   11.189|
B<8>           |F<23>          |   11.346|
B<8>           |F<24>          |   11.540|
B<8>           |F<25>          |   10.548|
B<8>           |F<26>          |   11.446|
B<8>           |F<27>          |   11.672|
B<8>           |F<28>          |   11.010|
B<8>           |F<29>          |   11.227|
B<8>           |F<30>          |   11.534|
B<8>           |F<31>          |   11.481|
B<8>           |of             |   11.954|
B<8>           |zf             |   13.468|
B<9>           |F<0>           |   12.542|
B<9>           |F<9>           |   11.527|
B<9>           |F<10>          |   12.204|
B<9>           |F<11>          |   11.220|
B<9>           |F<12>          |   11.913|
B<9>           |F<13>          |   12.121|
B<9>           |F<14>          |   11.394|
B<9>           |F<15>          |   12.000|
B<9>           |F<16>          |   11.922|
B<9>           |F<17>          |   11.895|
B<9>           |F<18>          |   11.742|
B<9>           |F<19>          |   11.701|
B<9>           |F<20>          |   12.045|
B<9>           |F<21>          |   11.972|
B<9>           |F<22>          |   12.072|
B<9>           |F<23>          |   11.855|
B<9>           |F<24>          |   11.711|
B<9>           |F<25>          |   11.693|
B<9>           |F<26>          |   12.329|
B<9>           |F<27>          |   12.181|
B<9>           |F<28>          |   12.075|
B<9>           |F<29>          |   12.030|
B<9>           |F<30>          |   12.417|
B<9>           |F<31>          |   12.244|
B<9>           |of             |   12.717|
B<9>           |zf             |   14.299|
B<10>          |F<0>           |   12.183|
B<10>          |F<10>          |   11.838|
B<10>          |F<11>          |   10.909|
B<10>          |F<12>          |   11.551|
B<10>          |F<13>          |   12.106|
B<10>          |F<14>          |   11.165|
B<10>          |F<15>          |   11.638|
B<10>          |F<16>          |   11.182|
B<10>          |F<17>          |   11.941|
B<10>          |F<18>          |   11.376|
B<10>          |F<19>          |   11.557|
B<10>          |F<20>          |   11.824|
B<10>          |F<21>          |   11.178|
B<10>          |F<22>          |   11.706|
B<10>          |F<23>          |   11.811|
B<10>          |F<24>          |   11.262|
B<10>          |F<25>          |   11.023|
B<10>          |F<26>          |   11.963|
B<10>          |F<27>          |   12.037|
B<10>          |F<28>          |   11.335|
B<10>          |F<29>          |   12.034|
B<10>          |F<30>          |   12.051|
B<10>          |F<31>          |   11.882|
B<10>          |of             |   12.355|
B<10>          |zf             |   13.868|
B<11>          |F<0>           |   11.688|
B<11>          |F<11>          |   10.364|
B<11>          |F<12>          |   11.256|
B<11>          |F<13>          |   11.767|
B<11>          |F<14>          |   10.737|
B<11>          |F<15>          |   11.343|
B<11>          |F<16>          |   11.023|
B<11>          |F<17>          |   11.602|
B<11>          |F<18>          |   10.695|
B<11>          |F<19>          |   11.308|
B<11>          |F<20>          |   11.306|
B<11>          |F<21>          |   10.883|
B<11>          |F<22>          |   10.968|
B<11>          |F<23>          |   11.462|
B<11>          |F<24>          |   10.890|
B<11>          |F<25>          |   10.728|
B<11>          |F<26>          |   11.217|
B<11>          |F<27>          |   11.788|
B<11>          |F<28>          |   11.176|
B<11>          |F<29>          |   11.695|
B<11>          |F<30>          |   11.425|
B<11>          |F<31>          |   11.597|
B<11>          |of             |   12.070|
B<11>          |zf             |   13.529|
B<12>          |F<0>           |   11.308|
B<12>          |F<12>          |   10.719|
B<12>          |F<13>          |   11.167|
B<12>          |F<14>          |   10.551|
B<12>          |F<15>          |   11.031|
B<12>          |F<16>          |   10.703|
B<12>          |F<17>          |   11.002|
B<12>          |F<18>          |   10.652|
B<12>          |F<19>          |   11.451|
B<12>          |F<20>          |   11.299|
B<12>          |F<21>          |   10.661|
B<12>          |F<22>          |   10.851|
B<12>          |F<23>          |   11.593|
B<12>          |F<24>          |   10.737|
B<12>          |F<25>          |   10.506|
B<12>          |F<26>          |   11.110|
B<12>          |F<27>          |   11.266|
B<12>          |F<28>          |   10.856|
B<12>          |F<29>          |   11.342|
B<12>          |F<30>          |   11.373|
B<12>          |F<31>          |   11.725|
B<12>          |of             |   12.198|
B<12>          |zf             |   13.648|
B<13>          |F<0>           |   11.878|
B<13>          |F<13>          |   12.191|
B<13>          |F<14>          |   11.074|
B<13>          |F<15>          |   11.631|
B<13>          |F<16>          |   10.956|
B<13>          |F<17>          |   12.026|
B<13>          |F<18>          |   11.438|
B<13>          |F<19>          |   11.891|
B<13>          |F<20>          |   11.645|
B<13>          |F<21>          |   11.260|
B<13>          |F<22>          |   11.711|
B<13>          |F<23>          |   12.033|
B<13>          |F<24>          |   11.716|
B<13>          |F<25>          |   11.105|
B<13>          |F<26>          |   11.878|
B<13>          |F<27>          |   11.706|
B<13>          |F<28>          |   11.325|
B<13>          |F<29>          |   12.119|
B<13>          |F<30>          |   12.132|
B<13>          |F<31>          |   12.165|
B<13>          |of             |   12.638|
B<13>          |zf             |   14.088|
B<14>          |F<0>           |   11.769|
B<14>          |F<14>          |   10.901|
B<14>          |F<15>          |   11.410|
B<14>          |F<16>          |   10.849|
B<14>          |F<17>          |   11.316|
B<14>          |F<18>          |   11.254|
B<14>          |F<19>          |   11.367|
B<14>          |F<20>          |   11.787|
B<14>          |F<21>          |   11.149|
B<14>          |F<22>          |   11.527|
B<14>          |F<23>          |   11.774|
B<14>          |F<24>          |   11.609|
B<14>          |F<25>          |   10.994|
B<14>          |F<26>          |   11.694|
B<14>          |F<27>          |   11.536|
B<14>          |F<28>          |   11.214|
B<14>          |F<29>          |   11.830|
B<14>          |F<30>          |   11.948|
B<14>          |F<31>          |   11.853|
B<14>          |of             |   12.326|
B<14>          |zf             |   13.702|
B<15>          |F<0>           |   12.036|
B<15>          |F<15>          |   11.199|
B<15>          |F<16>          |   11.245|
B<15>          |F<17>          |   11.717|
B<15>          |F<18>          |   11.586|
B<15>          |F<19>          |   11.619|
B<15>          |F<20>          |   11.697|
B<15>          |F<21>          |   11.174|
B<15>          |F<22>          |   11.269|
B<15>          |F<23>          |   11.761|
B<15>          |F<24>          |   12.005|
B<15>          |F<25>          |   11.602|
B<15>          |F<26>          |   11.863|
B<15>          |F<27>          |   11.434|
B<15>          |F<28>          |   11.353|
B<15>          |F<29>          |   11.883|
B<15>          |F<30>          |   12.221|
B<15>          |F<31>          |   11.893|
B<15>          |of             |   12.366|
B<15>          |zf             |   13.816|
B<16>          |F<0>           |   12.384|
B<16>          |F<16>          |   11.477|
B<16>          |F<17>          |   12.167|
B<16>          |F<18>          |   11.927|
B<16>          |F<19>          |   11.736|
B<16>          |F<20>          |   11.929|
B<16>          |F<21>          |   11.624|
B<16>          |F<22>          |   11.610|
B<16>          |F<23>          |   11.885|
B<16>          |F<24>          |   12.237|
B<16>          |F<25>          |   12.052|
B<16>          |F<26>          |   12.204|
B<16>          |F<27>          |   11.879|
B<16>          |F<28>          |   11.585|
B<16>          |F<29>          |   12.333|
B<16>          |F<30>          |   12.562|
B<16>          |F<31>          |   12.236|
B<16>          |of             |   12.709|
B<16>          |zf             |   14.085|
B<17>          |F<0>           |   12.214|
B<17>          |F<17>          |   11.717|
B<17>          |F<18>          |   11.664|
B<17>          |F<19>          |   11.815|
B<17>          |F<20>          |   12.167|
B<17>          |F<21>          |   11.518|
B<17>          |F<22>          |   11.563|
B<17>          |F<23>          |   12.154|
B<17>          |F<24>          |   11.821|
B<17>          |F<25>          |   11.602|
B<17>          |F<26>          |   11.978|
B<17>          |F<27>          |   11.958|
B<17>          |F<28>          |   11.583|
B<17>          |F<29>          |   12.210|
B<17>          |F<30>          |   12.299|
B<17>          |F<31>          |   12.315|
B<17>          |of             |   12.788|
B<17>          |zf             |   14.164|
B<18>          |F<0>           |   11.210|
B<18>          |F<18>          |   10.619|
B<18>          |F<19>          |   11.430|
B<18>          |F<20>          |   11.349|
B<18>          |F<21>          |   10.536|
B<18>          |F<22>          |   10.745|
B<18>          |F<23>          |   11.579|
B<18>          |F<24>          |   10.822|
B<18>          |F<25>          |   10.467|
B<18>          |F<26>          |   11.160|
B<18>          |F<27>          |   11.573|
B<18>          |F<28>          |   10.667|
B<18>          |F<29>          |   11.392|
B<18>          |F<30>          |   11.423|
B<18>          |F<31>          |   11.930|
B<18>          |of             |   12.403|
B<18>          |zf             |   13.779|
B<19>          |F<0>           |   12.527|
B<19>          |F<19>          |   12.600|
B<19>          |F<20>          |   12.370|
B<19>          |F<21>          |   11.787|
B<19>          |F<22>          |   12.158|
B<19>          |F<23>          |   12.749|
B<19>          |F<24>          |   12.093|
B<19>          |F<25>          |   11.502|
B<19>          |F<26>          |   12.511|
B<19>          |F<27>          |   12.743|
B<19>          |F<28>          |   11.544|
B<19>          |F<29>          |   11.977|
B<19>          |F<30>          |   12.223|
B<19>          |F<31>          |   13.100|
B<19>          |of             |   13.573|
B<19>          |zf             |   14.949|
B<20>          |F<0>           |   11.668|
B<20>          |F<20>          |   11.155|
B<20>          |F<21>          |   10.795|
B<20>          |F<22>          |   10.593|
B<20>          |F<23>          |   11.260|
B<20>          |F<24>          |   10.878|
B<20>          |F<25>          |   10.510|
B<20>          |F<26>          |   10.964|
B<20>          |F<27>          |   10.975|
B<20>          |F<28>          |   10.695|
B<20>          |F<29>          |   11.053|
B<20>          |F<30>          |   11.172|
B<20>          |F<31>          |   11.334|
B<20>          |of             |   11.807|
B<20>          |zf             |   13.183|
B<21>          |F<0>           |   11.060|
B<21>          |F<21>          |   10.283|
B<21>          |F<22>          |   10.248|
B<21>          |F<23>          |   10.976|
B<21>          |F<24>          |   11.332|
B<21>          |F<25>          |   10.281|
B<21>          |F<26>          |   10.770|
B<21>          |F<27>          |   10.781|
B<21>          |F<28>          |   10.680|
B<21>          |F<29>          |   10.973|
B<21>          |F<30>          |   11.004|
B<21>          |F<31>          |   11.140|
B<21>          |of             |   11.613|
B<21>          |zf             |   12.989|
B<22>          |F<0>           |   11.783|
B<22>          |F<22>          |   10.920|
B<22>          |F<23>          |   11.731|
B<22>          |F<24>          |   11.712|
B<22>          |F<25>          |   10.816|
B<22>          |F<26>          |   11.305|
B<22>          |F<27>          |   11.316|
B<22>          |F<28>          |   11.060|
B<22>          |F<29>          |   11.433|
B<22>          |F<30>          |   11.513|
B<22>          |F<31>          |   11.675|
B<22>          |of             |   12.148|
B<22>          |zf             |   13.524|
B<23>          |F<0>           |   11.384|
B<23>          |F<23>          |   11.593|
B<23>          |F<24>          |   11.730|
B<23>          |F<25>          |   10.894|
B<23>          |F<26>          |   10.938|
B<23>          |F<27>          |   11.157|
B<23>          |F<28>          |   11.078|
B<23>          |F<29>          |   11.175|
B<23>          |F<30>          |   11.201|
B<23>          |F<31>          |   11.235|
B<23>          |of             |   11.708|
B<23>          |zf             |   13.084|
B<24>          |F<0>           |   11.277|
B<24>          |F<24>          |   11.599|
B<24>          |F<25>          |   11.084|
B<24>          |F<26>          |   11.332|
B<24>          |F<27>          |   11.395|
B<24>          |F<28>          |   10.947|
B<24>          |F<29>          |   11.365|
B<24>          |F<30>          |   11.690|
B<24>          |F<31>          |   11.752|
B<24>          |of             |   12.225|
B<24>          |zf             |   13.601|
B<25>          |F<0>           |   11.001|
B<25>          |F<25>          |   10.922|
B<25>          |F<26>          |   10.865|
B<25>          |F<27>          |   11.033|
B<25>          |F<28>          |   10.300|
B<25>          |F<29>          |   11.203|
B<25>          |F<30>          |   11.223|
B<25>          |F<31>          |   11.390|
B<25>          |of             |   11.863|
B<25>          |zf             |   13.239|
B<26>          |F<0>           |   11.153|
B<26>          |F<26>          |   10.055|
B<26>          |F<27>          |   10.867|
B<26>          |F<28>          |   10.545|
B<26>          |F<29>          |   11.375|
B<26>          |F<30>          |   10.413|
B<26>          |F<31>          |   11.224|
B<26>          |of             |   11.697|
B<26>          |zf             |   13.073|
B<27>          |F<0>           |   10.871|
B<27>          |F<27>          |   11.125|
B<27>          |F<28>          |   10.257|
B<27>          |F<29>          |   11.021|
B<27>          |F<30>          |   10.967|
B<27>          |F<31>          |   11.482|
B<27>          |of             |   11.955|
B<27>          |zf             |   13.331|
B<28>          |F<0>           |   10.777|
B<28>          |F<28>          |    9.936|
B<28>          |F<29>          |   10.766|
B<28>          |F<30>          |   10.610|
B<28>          |F<31>          |   10.734|
B<28>          |of             |   11.207|
B<28>          |zf             |   12.583|
B<29>          |F<0>           |   10.805|
B<29>          |F<29>          |   10.758|
B<29>          |F<30>          |   10.704|
B<29>          |F<31>          |   10.571|
B<29>          |of             |   11.044|
B<29>          |zf             |   12.420|
B<30>          |F<0>           |    9.926|
B<30>          |F<30>          |   10.333|
B<30>          |F<31>          |   10.523|
B<30>          |of             |   10.996|
B<30>          |zf             |   12.372|
B<31>          |F<0>           |    9.826|
B<31>          |F<31>          |   10.251|
B<31>          |of             |   10.724|
B<31>          |zf             |   12.100|
data<0>        |F<0>           |   10.106|
data<0>        |F<1>           |   10.163|
data<0>        |F<2>           |    9.848|
data<0>        |F<3>           |    9.588|
data<0>        |F<4>           |    9.582|
data<0>        |F<5>           |    9.480|
data<0>        |F<6>           |    9.341|
data<0>        |F<7>           |   10.273|
data<0>        |F<8>           |    9.188|
data<0>        |F<9>           |    9.350|
data<0>        |F<10>          |    9.566|
data<0>        |F<11>          |    8.717|
data<0>        |F<12>          |    9.987|
data<0>        |F<13>          |    9.733|
data<0>        |F<14>          |    9.025|
data<0>        |F<15>          |    9.903|
data<0>        |F<16>          |   11.174|
data<0>        |F<17>          |   11.618|
data<0>        |F<18>          |   11.369|
data<0>        |F<19>          |   11.316|
data<0>        |F<20>          |   11.709|
data<0>        |F<21>          |   11.324|
data<0>        |F<22>          |   10.937|
data<0>        |F<23>          |   11.740|
data<0>        |F<24>          |   11.311|
data<0>        |F<25>          |   10.946|
data<0>        |F<26>          |   11.698|
data<0>        |F<27>          |   11.819|
data<0>        |F<28>          |   11.287|
data<0>        |F<29>          |   11.091|
data<0>        |F<30>          |   11.475|
data<0>        |F<31>          |   11.284|
data<0>        |of             |   11.757|
data<0>        |zf             |   13.551|
data<1>        |F<0>           |    9.607|
data<1>        |F<1>           |   10.756|
data<1>        |F<2>           |   10.691|
data<1>        |F<3>           |   10.376|
data<1>        |F<4>           |   10.688|
data<1>        |F<5>           |   11.325|
data<1>        |F<6>           |    9.883|
data<1>        |F<7>           |   10.666|
data<1>        |F<8>           |   11.134|
data<1>        |F<9>           |   10.856|
data<1>        |F<10>          |   11.296|
data<1>        |F<11>          |   10.507|
data<1>        |F<12>          |   10.910|
data<1>        |F<13>          |   10.797|
data<1>        |F<14>          |   10.370|
data<1>        |F<15>          |   11.041|
data<1>        |F<16>          |   10.851|
data<1>        |F<17>          |   11.067|
data<1>        |F<18>          |   10.818|
data<1>        |F<19>          |   10.765|
data<1>        |F<20>          |   11.158|
data<1>        |F<21>          |   10.773|
data<1>        |F<22>          |   10.386|
data<1>        |F<23>          |   11.189|
data<1>        |F<24>          |   10.760|
data<1>        |F<25>          |   10.395|
data<1>        |F<26>          |   11.147|
data<1>        |F<27>          |   11.268|
data<1>        |F<28>          |   10.736|
data<1>        |F<29>          |   10.540|
data<1>        |F<30>          |   10.924|
data<1>        |F<31>          |   10.733|
data<1>        |of             |   11.206|
data<1>        |zf             |   13.575|
data<2>        |F<0>           |    9.481|
data<2>        |F<1>           |    9.171|
data<2>        |F<2>           |    9.027|
data<2>        |F<3>           |    8.871|
data<2>        |F<4>           |    9.083|
data<2>        |F<5>           |    9.351|
data<2>        |F<6>           |    8.912|
data<2>        |F<7>           |    8.882|
data<2>        |F<8>           |    8.998|
data<2>        |F<9>           |    8.512|
data<2>        |F<10>          |    8.875|
data<2>        |F<11>          |    8.829|
data<2>        |F<12>          |    8.901|
data<2>        |F<13>          |    9.652|
data<2>        |F<14>          |    8.952|
data<2>        |F<15>          |    9.847|
data<2>        |F<16>          |   10.714|
data<2>        |F<17>          |   11.318|
data<2>        |F<18>          |   11.069|
data<2>        |F<19>          |   11.016|
data<2>        |F<20>          |   11.409|
data<2>        |F<21>          |   11.024|
data<2>        |F<22>          |   10.637|
data<2>        |F<23>          |   11.440|
data<2>        |F<24>          |   11.011|
data<2>        |F<25>          |   10.646|
data<2>        |F<26>          |   11.398|
data<2>        |F<27>          |   11.519|
data<2>        |F<28>          |   10.987|
data<2>        |F<29>          |   10.791|
data<2>        |F<30>          |   11.175|
data<2>        |F<31>          |   10.984|
data<2>        |of             |   11.457|
data<2>        |zf             |   13.213|
data<3>        |F<0>           |    9.981|
data<3>        |F<1>           |   10.307|
data<3>        |F<2>           |    9.955|
data<3>        |F<3>           |    9.847|
data<3>        |F<4>           |    9.885|
data<3>        |F<5>           |   10.039|
data<3>        |F<6>           |    9.651|
data<3>        |F<7>           |   10.154|
data<3>        |F<8>           |   10.408|
data<3>        |F<9>           |    9.888|
data<3>        |F<10>          |   10.144|
data<3>        |F<11>          |    9.706|
data<3>        |F<12>          |   10.101|
data<3>        |F<13>          |   10.540|
data<3>        |F<14>          |    9.999|
data<3>        |F<15>          |   10.374|
data<3>        |F<16>          |   10.099|
data<3>        |F<17>          |   10.577|
data<3>        |F<18>          |   10.351|
data<3>        |F<19>          |    9.958|
data<3>        |F<20>          |   10.622|
data<3>        |F<21>          |   10.305|
data<3>        |F<22>          |   10.080|
data<3>        |F<23>          |   10.589|
data<3>        |F<24>          |   10.419|
data<3>        |F<25>          |    9.899|
data<3>        |F<26>          |    9.871|
data<3>        |F<27>          |   10.157|
data<3>        |F<28>          |   10.099|
data<3>        |F<29>          |   10.400|
data<3>        |F<30>          |   10.394|
data<3>        |F<31>          |   10.092|
data<3>        |of             |   10.565|
data<3>        |zf             |   12.480|
---------------+---------------+---------+


Analysis completed Sat Apr 23 22:19:23 2022 
--------------------------------------------------------------------------------

Trace Settings:
-------------------------
Trace Settings 

Peak Memory Usage: 4953 MB



